<html><head></head><body><blockquote>Die Welt­ge­schich­te ist auch die Sum­me des­sen, was ver­meid­bar ge­we­sen wäre.<cite>Kon­rad Ade­nau­er (1876-1967), West Ger­many's first chan­cel­lor</cite></blockquote>
</body></html>